// Jest Snapshot v1, https://goo.gl/fbAQLP

exports[`books query fetches books along with authors and books again 1`] = `
Object {
  "books": Array [
    Object {
      "author": Object {
        "books": Array [
          Object {
            "title": "Qui Adipisci Qui",
          },
          Object {
            "title": "Veniam",
          },
        ],
        "name": "Andrzej Sapkowski",
      },
      "title": "Qui Adipisci Qui",
    },
    Object {
      "author": Object {
        "books": Array [
          Object {
            "title": "Qui Adipisci Qui",
          },
          Object {
            "title": "Veniam",
          },
        ],
        "name": "Andrzej Sapkowski",
      },
      "title": "Veniam",
    },
  ],
}
`;

exports[`books query fetches books with authors 1`] = `
Object {
  "books": Array [
    Object {
      "author": Object {
        "id": "My1BdXRob3I=",
        "name": "Hayden Orn",
      },
      "id": "NC1Cb29r",
      "title": "Alias",
    },
    Object {
      "author": Object {
        "id": "Mi1BdXRob3I=",
        "name": "Velda Bailey",
      },
      "id": "My1Cb29r",
      "title": "Exercitationem Reiciendis Cupiditate Provident",
    },
    Object {
      "author": Object {
        "id": "MS1BdXRob3I=",
        "name": "Tolkien",
      },
      "id": "MS1Cb29r",
      "title": "Hobbit",
    },
    Object {
      "author": Object {
        "id": "MS1BdXRob3I=",
        "name": "Tolkien",
      },
      "id": "Mi1Cb29r",
      "title": "Lord of the Rings",
    },
  ],
  "booksCount": 4,
}
`;
